#2026 05 30 10:20:14.564#Z#DEBUG#f7aba7f1-5c10-11f1-a636-eeee0a864133.Vendor_portal-srv#flowable-async-job-executor-thread-11084#
[PollStageAppStatusExecution] f3610358-e791-4b3a-8047-269077eb9aff [2026-05-30T10:19:15.955037] Updated app with guid f3610358-e791-4b3a-8047-269077eb9aff ({"lifecycle"=>{"data"=>{"buildpacks"=>["nodejs_buildpack"]}, "type"=>"buildpack"}}) (STDOUT, API)#
#2026 05 30 10:20:14.564#Z#DEBUG#f7aba7f1-5c10-11f1-a636-eeee0a864133.Vendor_portal-srv#flowable-async-job-executor-thread-11084#
[PollStageAppStatusExecution] f3610358-e791-4b3a-8047-269077eb9aff [2026-05-30T10:19:16.033010] Updating process: "web" (STDOUT, API)#
#2026 05 30 10:20:14.564#Z#DEBUG#f7aba7f1-5c10-11f1-a636-eeee0a864133.Vendor_portal-srv#flowable-async-job-executor-thread-11084#
[PollStageAppStatusExecution] f3610358-e791-4b3a-8047-269077eb9aff [2026-05-30T10:19:44.854919] Uploading app package for app with guid f3610358-e791-4b3a-8047-269077eb9aff (STDOUT, API)#
#2026 05 30 10:20:14.564#Z#DEBUG#f7aba7f1-5c10-11f1-a636-eeee0a864133.Vendor_portal-srv#flowable-async-job-executor-thread-11084#
[PollStageAppStatusExecution] f3610358-e791-4b3a-8047-269077eb9aff [2026-05-30T10:19:45.089966] Updated app with guid f3610358-e791-4b3a-8047-269077eb9aff ({"environment_variables"=>"[PRIVATE DATA HIDDEN]"}) (STDOUT, API)#
#2026 05 30 10:20:14.564#Z#DEBUG#f7aba7f1-5c10-11f1-a636-eeee0a864133.Vendor_portal-srv#flowable-async-job-executor-thread-11084#
[PollStageAppStatusExecution] f3610358-e791-4b3a-8047-269077eb9aff [2026-05-30T10:20:04.718273] Creating build for app with guid f3610358-e791-4b3a-8047-269077eb9aff (STDOUT, API)#
#2026 05 30 10:20:14.564#Z#DEBUG#f7aba7f1-5c10-11f1-a636-eeee0a864133.Vendor_portal-srv#flowable-async-job-executor-thread-11084#
[PollStageAppStatusExecution] f3610358-e791-4b3a-8047-269077eb9aff [2026-05-30T10:20:05.399887] Downloading nodejs_buildpack... (STDOUT, STG)#
#2026 05 30 10:20:14.564#Z#DEBUG#f7aba7f1-5c10-11f1-a636-eeee0a864133.Vendor_portal-srv#flowable-async-job-executor-thread-11084#
[PollStageAppStatusExecution] f3610358-e791-4b3a-8047-269077eb9aff [2026-05-30T10:20:05.453057] Downloaded nodejs_buildpack (STDOUT, STG)#
#2026 05 30 10:20:14.564#Z#DEBUG#f7aba7f1-5c10-11f1-a636-eeee0a864133.Vendor_portal-srv#flowable-async-job-executor-thread-11084#
[PollStageAppStatusExecution] f3610358-e791-4b3a-8047-269077eb9aff [2026-05-30T10:20:05.453129] Cell d1cc041a-d5a1-41d6-b9f6-6cda736ce3f0 creating container for instance 0a7ffa4a-7c07-439f-9b62-a1b88ed6a438 (STDOUT, STG)#
#2026 05 30 10:20:14.564#Z#DEBUG#f7aba7f1-5c10-11f1-a636-eeee0a864133.Vendor_portal-srv#flowable-async-job-executor-thread-11084#
[PollStageAppStatusExecution] f3610358-e791-4b3a-8047-269077eb9aff [2026-05-30T10:20:06.204299] Security group rules were updated (STDOUT, STG)#
#2026 05 30 10:20:14.564#Z#DEBUG#f7aba7f1-5c10-11f1-a636-eeee0a864133.Vendor_portal-srv#flowable-async-job-executor-thread-11084#
[PollStageAppStatusExecution] f3610358-e791-4b3a-8047-269077eb9aff [2026-05-30T10:20:06.328149] Cell d1cc041a-d5a1-41d6-b9f6-6cda736ce3f0 successfully created container for instance 0a7ffa4a-7c07-439f-9b62-a1b88ed6a438 (STDOUT, STG)#
#2026 05 30 10:20:14.564#Z#DEBUG#f7aba7f1-5c10-11f1-a636-eeee0a864133.Vendor_portal-srv#flowable-async-job-executor-thread-11084#
[PollStageAppStatusExecution] f3610358-e791-4b3a-8047-269077eb9aff [2026-05-30T10:20:06.994153] Downloading app package... (STDOUT, STG)#
#2026 05 30 10:20:14.564#Z#DEBUG#f7aba7f1-5c10-11f1-a636-eeee0a864133.Vendor_portal-srv#flowable-async-job-executor-thread-11084#
[PollStageAppStatusExecution] f3610358-e791-4b3a-8047-269077eb9aff [2026-05-30T10:20:06.994197] Downloading build artifacts cache... (STDOUT, STG)#
#2026 05 30 10:20:14.564#Z#DEBUG#f7aba7f1-5c10-11f1-a636-eeee0a864133.Vendor_portal-srv#flowable-async-job-executor-thread-11084#
[PollStageAppStatusExecution] f3610358-e791-4b3a-8047-269077eb9aff [2026-05-30T10:20:07.081477] Downloaded build artifacts cache (216B) (STDOUT, STG)#
#2026 05 30 10:20:14.564#Z#DEBUG#f7aba7f1-5c10-11f1-a636-eeee0a864133.Vendor_portal-srv#flowable-async-job-executor-thread-11084#
[PollStageAppStatusExecution] f3610358-e791-4b3a-8047-269077eb9aff [2026-05-30T10:20:08.913885] Downloaded app package (11.3M) (STDOUT, STG)#
#2026 05 30 10:20:14.564#Z#DEBUG#f7aba7f1-5c10-11f1-a636-eeee0a864133.Vendor_portal-srv#flowable-async-job-executor-thread-11084#
[PollStageAppStatusExecution] f3610358-e791-4b3a-8047-269077eb9aff [2026-05-30T10:20:09.036952] -----> Nodejs Buildpack version 1.8.44 (STDOUT, STG)#
#2026 05 30 10:20:14.564#Z#DEBUG#f7aba7f1-5c10-11f1-a636-eeee0a864133.Vendor_portal-srv#flowable-async-job-executor-thread-11084#
[PollStageAppStatusExecution] f3610358-e791-4b3a-8047-269077eb9aff [2026-05-30T10:20:09.726145] -----> Bootstrapping python (STDOUT, STG)#
#2026 05 30 10:20:14.564#Z#DEBUG#f7aba7f1-5c10-11f1-a636-eeee0a864133.Vendor_portal-srv#flowable-async-job-executor-thread-11084#
[PollStageAppStatusExecution] f3610358-e791-4b3a-8047-269077eb9aff [2026-05-30T10:20:09.726172] -----> Installing python 3.11.14 (STDOUT, STG)#
#2026 05 30 10:20:14.564#Z#DEBUG#f7aba7f1-5c10-11f1-a636-eeee0a864133.Vendor_portal-srv#flowable-async-job-executor-thread-11084#
[PollStageAppStatusExecution] f3610358-e791-4b3a-8047-269077eb9aff [2026-05-30T10:20:09.726261] Copy [/tmp/buildpacks/978cee5ec9c58000/dependencies/b5e0345ae0ae1932e7d56fffaa49a487/python_3.11.14_linux_x64_cflinuxfs4_66f53248.tgz] (STDOUT, STG)#
#2026 05 30 10:20:24.525#Z#DEBUG#f7aba7f1-5c10-11f1-a636-eeee0a864133.Vendor_portal-srv#flowable-async-job-executor-thread-28273#
[PollStageAppStatusExecution] f3610358-e791-4b3a-8047-269077eb9aff [2026-05-30T10:20:13.979825] -----> Installing binaries (STDOUT, STG)#
#2026 05 30 10:20:24.525#Z#DEBUG#f7aba7f1-5c10-11f1-a636-eeee0a864133.Vendor_portal-srv#flowable-async-job-executor-thread-28273#
[PollStageAppStatusExecution] f3610358-e791-4b3a-8047-269077eb9aff [2026-05-30T10:20:13.980018] engines.node (package.json): >=20 (STDOUT, STG)#
#2026 05 30 10:20:24.525#Z#DEBUG#f7aba7f1-5c10-11f1-a636-eeee0a864133.Vendor_portal-srv#flowable-async-job-executor-thread-28273#
[PollStageAppStatusExecution] f3610358-e791-4b3a-8047-269077eb9aff [2026-05-30T10:20:13.980037] engines.npm (package.json): unspecified (use default) (STDOUT, STG)#
#2026 05 30 10:20:24.525#Z#DEBUG#f7aba7f1-5c10-11f1-a636-eeee0a864133.Vendor_portal-srv#flowable-async-job-executor-thread-28273#
[PollStageAppStatusExecution] f3610358-e791-4b3a-8047-269077eb9aff [2026-05-30T10:20:13.980044] [31;1m**WARNING**[0m Dangerous semver range (>) in engines.node. See: http://docs.cloudfoundry.org/buildpacks/node/node-tips.html (STDOUT, STG)#
#2026 05 30 10:20:24.525#Z#DEBUG#f7aba7f1-5c10-11f1-a636-eeee0a864133.Vendor_portal-srv#flowable-async-job-executor-thread-28273#
[PollStageAppStatusExecution] f3610358-e791-4b3a-8047-269077eb9aff [2026-05-30T10:20:13.980165] -----> Installing node 24.13.0 (STDOUT, STG)#
#2026 05 30 10:20:24.525#Z#DEBUG#f7aba7f1-5c10-11f1-a636-eeee0a864133.Vendor_portal-srv#flowable-async-job-executor-thread-28273#
[PollStageAppStatusExecution] f3610358-e791-4b3a-8047-269077eb9aff [2026-05-30T10:20:13.980297] Copy [/tmp/buildpacks/978cee5ec9c58000/dependencies/2f5692219fecc3eee6e6d507a6bfe7b9/node_24.13.0_linux_x64_cflinuxfs4_a816dee1.tgz] (STDOUT, STG)#
#2026 05 30 10:20:24.525#Z#DEBUG#f7aba7f1-5c10-11f1-a636-eeee0a864133.Vendor_portal-srv#flowable-async-job-executor-thread-28273#
[PollStageAppStatusExecution] f3610358-e791-4b3a-8047-269077eb9aff [2026-05-30T10:20:16.526567] Using default npm version: 11.6.2 (STDOUT, STG)#
#2026 05 30 10:20:24.525#Z#DEBUG#f7aba7f1-5c10-11f1-a636-eeee0a864133.Vendor_portal-srv#flowable-async-job-executor-thread-28273#
[PollStageAppStatusExecution] f3610358-e791-4b3a-8047-269077eb9aff [2026-05-30T10:20:16.526597] -----> Installing yarn 1.22.22 (STDOUT, STG)#
#2026 05 30 10:20:24.525#Z#DEBUG#f7aba7f1-5c10-11f1-a636-eeee0a864133.Vendor_portal-srv#flowable-async-job-executor-thread-28273#
[PollStageAppStatusExecution] f3610358-e791-4b3a-8047-269077eb9aff [2026-05-30T10:20:16.526661] Copy [/tmp/buildpacks/978cee5ec9c58000/dependencies/e3a39aedd1236924d69cc2d0637a8ed2/yarn_1.22.22_linux_noarch_any-stack_4911d0a6.tgz] (STDOUT, STG)#
#2026 05 30 10:20:24.525#Z#DEBUG#f7aba7f1-5c10-11f1-a636-eeee0a864133.Vendor_portal-srv#flowable-async-job-executor-thread-28273#
[PollStageAppStatusExecution] f3610358-e791-4b3a-8047-269077eb9aff [2026-05-30T10:20:16.910540] Installed yarn 1.22.22 (STDOUT, STG)#
#2026 05 30 10:20:24.525#Z#DEBUG#f7aba7f1-5c10-11f1-a636-eeee0a864133.Vendor_portal-srv#flowable-async-job-executor-thread-28273#
[PollStageAppStatusExecution] f3610358-e791-4b3a-8047-269077eb9aff [2026-05-30T10:20:16.910585] -----> Creating runtime environment (STDOUT, STG)#
#2026 05 30 10:20:24.525#Z#DEBUG#f7aba7f1-5c10-11f1-a636-eeee0a864133.Vendor_portal-srv#flowable-async-job-executor-thread-28273#
[PollStageAppStatusExecution] f3610358-e791-4b3a-8047-269077eb9aff [2026-05-30T10:20:16.912541] NODE_ENV=production (STDOUT, STG)#
#2026 05 30 10:20:24.525#Z#DEBUG#f7aba7f1-5c10-11f1-a636-eeee0a864133.Vendor_portal-srv#flowable-async-job-executor-thread-28273#
[PollStageAppStatusExecution] f3610358-e791-4b3a-8047-269077eb9aff [2026-05-30T10:20:16.912570] NODE_HOME=/tmp/contents478750668/deps/0/node (STDOUT, STG)#
#2026 05 30 10:20:24.525#Z#DEBUG#f7aba7f1-5c10-11f1-a636-eeee0a864133.Vendor_portal-srv#flowable-async-job-executor-thread-28273#
[PollStageAppStatusExecution] f3610358-e791-4b3a-8047-269077eb9aff [2026-05-30T10:20:16.912578] NODE_MODULES_CACHE=true (STDOUT, STG)#
#2026 05 30 10:20:24.525#Z#DEBUG#f7aba7f1-5c10-11f1-a636-eeee0a864133.Vendor_portal-srv#flowable-async-job-executor-thread-28273#
[PollStageAppStatusExecution] f3610358-e791-4b3a-8047-269077eb9aff [2026-05-30T10:20:16.912581] NODE_VERBOSE=false (STDOUT, STG)#
#2026 05 30 10:20:24.525#Z#DEBUG#f7aba7f1-5c10-11f1-a636-eeee0a864133.Vendor_portal-srv#flowable-async-job-executor-thread-28273#
[PollStageAppStatusExecution] f3610358-e791-4b3a-8047-269077eb9aff [2026-05-30T10:20:16.912584] NPM_CONFIG_LOGLEVEL=error (STDOUT, STG)#
#2026 05 30 10:20:24.525#Z#DEBUG#f7aba7f1-5c10-11f1-a636-eeee0a864133.Vendor_portal-srv#flowable-async-job-executor-thread-28273#
[PollStageAppStatusExecution] f3610358-e791-4b3a-8047-269077eb9aff [2026-05-30T10:20:16.912587] NPM_CONFIG_PRODUCTION=true (STDOUT, STG)#
#2026 05 30 10:20:24.525#Z#DEBUG#f7aba7f1-5c10-11f1-a636-eeee0a864133.Vendor_portal-srv#flowable-async-job-executor-thread-28273#
[PollStageAppStatusExecution] f3610358-e791-4b3a-8047-269077eb9aff [2026-05-30T10:20:16.912607] -----> Building dependencies (STDOUT, STG)#
#2026 05 30 10:20:24.525#Z#DEBUG#f7aba7f1-5c10-11f1-a636-eeee0a864133.Vendor_portal-srv#flowable-async-job-executor-thread-28273#
[PollStageAppStatusExecution] f3610358-e791-4b3a-8047-269077eb9aff [2026-05-30T10:20:16.912612] Prebuild detected (node_modules already exists) (STDOUT, STG)#
#2026 05 30 10:20:24.525#Z#DEBUG#f7aba7f1-5c10-11f1-a636-eeee0a864133.Vendor_portal-srv#flowable-async-job-executor-thread-28273#
[PollStageAppStatusExecution] f3610358-e791-4b3a-8047-269077eb9aff [2026-05-30T10:20:16.912625] Rebuilding any native modules (STDOUT, STG)#
#2026 05 30 10:20:24.525#Z#DEBUG#f7aba7f1-5c10-11f1-a636-eeee0a864133.Vendor_portal-srv#flowable-async-job-executor-thread-28273#
[PollStageAppStatusExecution] f3610358-e791-4b3a-8047-269077eb9aff [2026-05-30T10:20:17.767840] rebuilt dependencies successfully (STDOUT, STG)#
#2026 05 30 10:20:24.525#Z#DEBUG#f7aba7f1-5c10-11f1-a636-eeee0a864133.Vendor_portal-srv#flowable-async-job-executor-thread-28273#
[PollStageAppStatusExecution] f3610358-e791-4b3a-8047-269077eb9aff [2026-05-30T10:20:17.769626] npm notice (STDOUT, STG)#
#2026 05 30 10:20:24.525#Z#DEBUG#f7aba7f1-5c10-11f1-a636-eeee0a864133.Vendor_portal-srv#flowable-async-job-executor-thread-28273#
[PollStageAppStatusExecution] f3610358-e791-4b3a-8047-269077eb9aff [2026-05-30T10:20:17.769646] npm notice New minor version of npm available! 11.6.2 -> 11.16.0 (STDOUT, STG)#
#2026 05 30 10:20:24.525#Z#DEBUG#f7aba7f1-5c10-11f1-a636-eeee0a864133.Vendor_portal-srv#flowable-async-job-executor-thread-28273#
[PollStageAppStatusExecution] f3610358-e791-4b3a-8047-269077eb9aff [2026-05-30T10:20:17.769651] npm notice Changelog: https://github.com/npm/cli/releases/tag/v11.16.0 (STDOUT, STG)#
#2026 05 30 10:20:24.525#Z#DEBUG#f7aba7f1-5c10-11f1-a636-eeee0a864133.Vendor_portal-srv#flowable-async-job-executor-thread-28273#
[PollStageAppStatusExecution] f3610358-e791-4b3a-8047-269077eb9aff [2026-05-30T10:20:17.769654] npm notice To update run: npm install -g npm@11.16.0 (STDOUT, STG)#
#2026 05 30 10:20:24.525#Z#DEBUG#f7aba7f1-5c10-11f1-a636-eeee0a864133.Vendor_portal-srv#flowable-async-job-executor-thread-28273#
[PollStageAppStatusExecution] f3610358-e791-4b3a-8047-269077eb9aff [2026-05-30T10:20:17.769656] npm notice (STDOUT, STG)#
#2026 05 30 10:20:24.525#Z#DEBUG#f7aba7f1-5c10-11f1-a636-eeee0a864133.Vendor_portal-srv#flowable-async-job-executor-thread-28273#
[PollStageAppStatusExecution] f3610358-e791-4b3a-8047-269077eb9aff [2026-05-30T10:20:17.841644] Installing any new modules (package.json + package-lock.json) (STDOUT, STG)#
#2026 05 30 10:20:24.525#Z#DEBUG#f7aba7f1-5c10-11f1-a636-eeee0a864133.Vendor_portal-srv#flowable-async-job-executor-thread-28273#
[PollStageAppStatusExecution] f3610358-e791-4b3a-8047-269077eb9aff [2026-05-30T10:20:18.860512] removed 13 packages in 935ms (STDOUT, STG)#
#2026 05 30 10:20:24.525#Z#DEBUG#f7aba7f1-5c10-11f1-a636-eeee0a864133.Vendor_portal-srv#flowable-async-job-executor-thread-28273#
[PollStageAppStatusExecution] f3610358-e791-4b3a-8047-269077eb9aff [2026-05-30T10:20:18.860880] 34 packages are looking for funding (STDOUT, STG)#
#2026 05 30 10:20:24.525#Z#DEBUG#f7aba7f1-5c10-11f1-a636-eeee0a864133.Vendor_portal-srv#flowable-async-job-executor-thread-28273#
[PollStageAppStatusExecution] f3610358-e791-4b3a-8047-269077eb9aff [2026-05-30T10:20:18.861039] run `npm fund` for details (STDOUT, STG)#
#2026 05 30 10:20:24.525#Z#DEBUG#f7aba7f1-5c10-11f1-a636-eeee0a864133.Vendor_portal-srv#flowable-async-job-executor-thread-28273#
[PollStageAppStatusExecution] f3610358-e791-4b3a-8047-269077eb9aff [2026-05-30T10:20:20.041749] Contrast Security no credentials found. Will not write environment files. (STDOUT, STG)#
#2026 05 30 10:20:34.521#Z#DEBUG#f7aba7f1-5c10-11f1-a636-eeee0a864133.Vendor_portal-srv#flowable-async-job-executor-thread-28279#
[PollStageAppStatusExecution] f3610358-e791-4b3a-8047-269077eb9aff [2026-05-30T10:20:31.630221] Exit status 0 (STDOUT, STG)#
#2026 05 30 10:20:34.521#Z#DEBUG#f7aba7f1-5c10-11f1-a636-eeee0a864133.Vendor_portal-srv#flowable-async-job-executor-thread-28279#
[PollStageAppStatusExecution] f3610358-e791-4b3a-8047-269077eb9aff [2026-05-30T10:20:31.630281] Uploading droplet, build artifacts cache... (STDOUT, STG)#
#2026 05 30 10:20:34.521#Z#DEBUG#f7aba7f1-5c10-11f1-a636-eeee0a864133.Vendor_portal-srv#flowable-async-job-executor-thread-28279#
[PollStageAppStatusExecution] f3610358-e791-4b3a-8047-269077eb9aff [2026-05-30T10:20:31.630324] Uploading droplet... (STDOUT, STG)#
#2026 05 30 10:20:34.521#Z#DEBUG#f7aba7f1-5c10-11f1-a636-eeee0a864133.Vendor_portal-srv#flowable-async-job-executor-thread-28279#
[PollStageAppStatusExecution] f3610358-e791-4b3a-8047-269077eb9aff [2026-05-30T10:20:31.630676] Uploading build artifacts cache... (STDOUT, STG)#
#2026 05 30 10:20:34.521#Z#DEBUG#f7aba7f1-5c10-11f1-a636-eeee0a864133.Vendor_portal-srv#flowable-async-job-executor-thread-28279#
[PollStageAppStatusExecution] f3610358-e791-4b3a-8047-269077eb9aff [2026-05-30T10:20:31.677004] Uploaded build artifacts cache (224B) (STDOUT, STG)#
#2026 05 30 10:20:34.521#Z#DEBUG#f7aba7f1-5c10-11f1-a636-eeee0a864133.Vendor_portal-srv#flowable-async-job-executor-thread-28279#
[PollStageAppStatusExecution] f3610358-e791-4b3a-8047-269077eb9aff [2026-05-30T10:20:32.436162] Creating droplet for app with guid f3610358-e791-4b3a-8047-269077eb9aff (STDOUT, API)#
#2026 05 30 10:20:44.554#Z#DEBUG#f7aba7f1-5c10-11f1-a636-eeee0a864133.Vendor_portal-srv#flowable-async-job-executor-thread-28283#
[PollStageAppStatusExecution] f3610358-e791-4b3a-8047-269077eb9aff [2026-05-30T10:20:34.505437] Uploaded droplet (63.6M) (STDOUT, STG)#
#2026 05 30 10:20:44.554#Z#DEBUG#f7aba7f1-5c10-11f1-a636-eeee0a864133.Vendor_portal-srv#flowable-async-job-executor-thread-28283#
[PollStageAppStatusExecution] f3610358-e791-4b3a-8047-269077eb9aff [2026-05-30T10:20:34.527590] Uploading complete (STDOUT, STG)#
#2026 05 30 10:20:44.554#Z#DEBUG#f7aba7f1-5c10-11f1-a636-eeee0a864133.Vendor_portal-srv#flowable-async-job-executor-thread-28283#
[PollStageAppStatusExecution] f3610358-e791-4b3a-8047-269077eb9aff [2026-05-30T10:20:35.240775] Cell d1cc041a-d5a1-41d6-b9f6-6cda736ce3f0 stopping instance 0a7ffa4a-7c07-439f-9b62-a1b88ed6a438 (STDOUT, STG)#
#2026 05 30 10:20:44.554#Z#DEBUG#f7aba7f1-5c10-11f1-a636-eeee0a864133.Vendor_portal-srv#flowable-async-job-executor-thread-28283#
[PollStageAppStatusExecution] f3610358-e791-4b3a-8047-269077eb9aff [2026-05-30T10:20:35.240819] Cell d1cc041a-d5a1-41d6-b9f6-6cda736ce3f0 destroying container for instance 0a7ffa4a-7c07-439f-9b62-a1b88ed6a438 (STDOUT, STG)#
#2026 05 30 10:20:44.554#Z#DEBUG#f7aba7f1-5c10-11f1-a636-eeee0a864133.Vendor_portal-srv#flowable-async-job-executor-thread-28283#
[PollStageAppStatusExecution] f3610358-e791-4b3a-8047-269077eb9aff [2026-05-30T10:20:35.287473] Staging complete for build 0a7ffa4a-7c07-439f-9b62-a1b88ed6a438 (STDOUT, API)#
#2026 05 30 10:20:44.554#Z#DEBUG#f7aba7f1-5c10-11f1-a636-eeee0a864133.Vendor_portal-srv#flowable-async-job-executor-thread-28283#
[PollStageAppStatusExecution] f3610358-e791-4b3a-8047-269077eb9aff [2026-05-30T10:20:38.165017] Cell d1cc041a-d5a1-41d6-b9f6-6cda736ce3f0 successfully destroyed container for instance 0a7ffa4a-7c07-439f-9b62-a1b88ed6a438 (STDOUT, STG)#
#2026 05 30 10:20:54.620#Z#DEBUG#f7aba7f1-5c10-11f1-a636-eeee0a864133.Vendor_portal-srv#flowable-async-job-executor-thread-28291#
[PollStartAppStatusExecution] f3610358-e791-4b3a-8047-269077eb9aff [2026-05-30T10:20:44.623916] Updated app with guid f3610358-e791-4b3a-8047-269077eb9aff ({:droplet_guid=>"a12963d4-04e7-430e-aed4-67d126b407a0"}) (STDOUT, API)#
#2026 05 30 10:20:54.620#Z#DEBUG#f7aba7f1-5c10-11f1-a636-eeee0a864133.Vendor_portal-srv#flowable-async-job-executor-thread-28291#
[PollStartAppStatusExecution] f3610358-e791-4b3a-8047-269077eb9aff [2026-05-30T10:20:44.911490] Creating revision for app with guid f3610358-e791-4b3a-8047-269077eb9aff (STDOUT, API)#
#2026 05 30 10:20:54.620#Z#DEBUG#f7aba7f1-5c10-11f1-a636-eeee0a864133.Vendor_portal-srv#flowable-async-job-executor-thread-28291#
[PollStartAppStatusExecution] f3610358-e791-4b3a-8047-269077eb9aff [2026-05-30T10:20:44.951406] Starting app with guid f3610358-e791-4b3a-8047-269077eb9aff (STDOUT, API)#
#2026 05 30 10:20:54.620#Z#DEBUG#f7aba7f1-5c10-11f1-a636-eeee0a864133.Vendor_portal-srv#flowable-async-job-executor-thread-28291#
[PollStartAppStatusExecution] f3610358-e791-4b3a-8047-269077eb9aff [2026-05-30T10:20:45.178527] Cell 77283d80-dfa7-40ba-ba4e-265aef112085 creating container for instance bb2408a5-851c-42fd-7bdf-f23b (STDOUT, CELL)#
#2026 05 30 10:20:54.620#Z#DEBUG#f7aba7f1-5c10-11f1-a636-eeee0a864133.Vendor_portal-srv#flowable-async-job-executor-thread-28291#
[PollStartAppStatusExecution] f3610358-e791-4b3a-8047-269077eb9aff [2026-05-30T10:20:45.953875] Security group rules were updated (STDOUT, CELL)#
#2026 05 30 10:20:54.620#Z#DEBUG#f7aba7f1-5c10-11f1-a636-eeee0a864133.Vendor_portal-srv#flowable-async-job-executor-thread-28291#
[PollStartAppStatusExecution] f3610358-e791-4b3a-8047-269077eb9aff [2026-05-30T10:20:46.308735] Cell 77283d80-dfa7-40ba-ba4e-265aef112085 successfully created container for instance bb2408a5-851c-42fd-7bdf-f23b (STDOUT, CELL)#
#2026 05 30 10:20:54.620#Z#DEBUG#f7aba7f1-5c10-11f1-a636-eeee0a864133.Vendor_portal-srv#flowable-async-job-executor-thread-28291#
[PollStartAppStatusExecution] f3610358-e791-4b3a-8047-269077eb9aff [2026-05-30T10:20:47.306403] Downloading droplet... (STDOUT, CELL)#
#2026 05 30 10:20:54.620#Z#DEBUG#f7aba7f1-5c10-11f1-a636-eeee0a864133.Vendor_portal-srv#flowable-async-job-executor-thread-28291#
[PollStartAppStatusExecution] f3610358-e791-4b3a-8047-269077eb9aff [2026-05-30T10:20:52.276218] Downloaded droplet (63.6M) (STDOUT, CELL)#
#2026 05 30 10:20:54.620#Z#DEBUG#f7aba7f1-5c10-11f1-a636-eeee0a864133.Vendor_portal-srv#flowable-async-job-executor-thread-28291#
[PollStartAppStatusExecution] f3610358-e791-4b3a-8047-269077eb9aff [2026-05-30T10:20:52.276395] Starting health monitoring of container (STDOUT, CELL)#
#2026 05 30 10:20:54.620#Z#DEBUG#f7aba7f1-5c10-11f1-a636-eeee0a864133.Vendor_portal-srv#flowable-async-job-executor-thread-28291#
[PollStartAppStatusExecution] f3610358-e791-4b3a-8047-269077eb9aff [2026-05-30T10:20:52.412094] Invoking pre-start scripts. (STDOUT, APP/PROC/WEB)#
#2026 05 30 10:20:54.620#Z#DEBUG#f7aba7f1-5c10-11f1-a636-eeee0a864133.Vendor_portal-srv#flowable-async-job-executor-thread-28291#
[PollStartAppStatusExecution] f3610358-e791-4b3a-8047-269077eb9aff [2026-05-30T10:20:52.659528] Invoking start command. (STDOUT, APP/PROC/WEB)#
#2026 05 30 10:20:54.620#Z#DEBUG#f7aba7f1-5c10-11f1-a636-eeee0a864133.Vendor_portal-srv#flowable-async-job-executor-thread-28291#
[PollStartAppStatusExecution] f3610358-e791-4b3a-8047-269077eb9aff [2026-05-30T10:20:53.122713] > Vendor_portal@1.0.0 start (STDOUT, APP/PROC/WEB)#
#2026 05 30 10:20:54.620#Z#DEBUG#f7aba7f1-5c10-11f1-a636-eeee0a864133.Vendor_portal-srv#flowable-async-job-executor-thread-28291#
[PollStartAppStatusExecution] f3610358-e791-4b3a-8047-269077eb9aff [2026-05-30T10:20:53.122769] > cds-serve (STDOUT, APP/PROC/WEB)#
#2026 05 30 10:20:54.620#Z#DEBUG#f7aba7f1-5c10-11f1-a636-eeee0a864133.Vendor_portal-srv#flowable-async-job-executor-thread-28291#
[PollStartAppStatusExecution] f3610358-e791-4b3a-8047-269077eb9aff [2026-05-30T10:20:53.700086] {"level":"info","logger":"cds","timestamp":"2026-05-30T10:20:53.698Z","layer":"cds","component_type":"application","container_id":"10.32.3.6","component_id":"f3610358-e791-4b3a-8047-269077eb9aff","component_name":"Vendor_portal-srv","component_instance":0,"source_instance":0,"organization_name":"a17ff4fftrial","organization_id":"87b32d9e-9c3e-4c0f-a9e8-c141fcaf6941","space_name":"dev","space_id":"25c4b79f-ec1f-4f41-8212-286dd3a0616c","msg":"loaded model from 1 file(s):\n ","type":"log"} (STDOUT, APP/PROC/WEB)#
#2026 05 30 10:20:54.620#Z#DEBUG#f7aba7f1-5c10-11f1-a636-eeee0a864133.Vendor_portal-srv#flowable-async-job-executor-thread-28291#
[PollStartAppStatusExecution] f3610358-e791-4b3a-8047-269077eb9aff [2026-05-30T10:20:53.700561] srv/csn.json (STDOUT, APP/PROC/WEB)#
#2026 05 30 10:20:54.620#Z#DEBUG#f7aba7f1-5c10-11f1-a636-eeee0a864133.Vendor_portal-srv#flowable-async-job-executor-thread-28291#
[PollStartAppStatusExecution] f3610358-e791-4b3a-8047-269077eb9aff [2026-05-30T10:20:54.073855] {"level":"info","logger":"cds","timestamp":"2026-05-30T10:20:54.073Z","layer":"cds","component_type":"application","container_id":"10.32.3.6","component_id":"f3610358-e791-4b3a-8047-269077eb9aff","component_name":"Vendor_portal-srv","component_instance":0,"source_instance":0,"organization_name":"a17ff4fftrial","organization_id":"87b32d9e-9c3e-4c0f-a9e8-c141fcaf6941","space_name":"dev","space_id":"25c4b79f-ec1f-4f41-8212-286dd3a0616c","msg":"connect to db > hana {\n  database_id: '7ae6075a-b2fc-41a8-97b8-c730e80dbe77',\n  host: '7ae6075a-b2fc-41a8-97b8-c730e80dbe77.hna1.prod-us10.hanacloud.ondemand.com',\n  port: '443',\n  driver: 'com.sap.db.jdbc.Driver',\n  url: 'jdbc:sap://7ae6075a-b2fc-41a8-97b8-c730e80dbe77.hna1.prod-us10.hanacloud.ondemand.com:443?encrypt=true&validateCertificate=true&currentschema=835C52FD6C8F46C983D49EE5D37F23AB',\n  schema: '835C52FD6C8F46C983D49EE5D37F23AB',\n  certificate: '...',\n  hdi_user: '835C52FD6C8F46C983D49EE5D37F23AB_5OP69339O0E7KD3FZUC35K05L_DT',\n  hdi_password: '...',\n  user: '835C52FD6C8F46C983D49EE5D37F23AB_5OP69339O0E7KD3FZUC35K05L_RT',\n  password: '...'\n}","type":"log"} (STDOUT, APP/PROC/WEB)#
#2026 05 30 10:20:54.620#Z#DEBUG#f7aba7f1-5c10-11f1-a636-eeee0a864133.Vendor_portal-srv#flowable-async-job-executor-thread-28291#
[PollStartAppStatusExecution] f3610358-e791-4b3a-8047-269077eb9aff [2026-05-30T10:20:54.192385] {"level":"info","logger":"cds","timestamp":"2026-05-30T10:20:54.191Z","layer":"cds","component_type":"application","container_id":"10.32.3.6","component_id":"f3610358-e791-4b3a-8047-269077eb9aff","component_name":"Vendor_portal-srv","component_instance":0,"source_instance":0,"organization_name":"a17ff4fftrial","organization_id":"87b32d9e-9c3e-4c0f-a9e8-c141fcaf6941","space_name":"dev","space_id":"25c4b79f-ec1f-4f41-8212-286dd3a0616c","msg":"connect to CE_PURCHASEORDER_0001 > odata { destination: 'SAP_Purchaseorder_API' }","type":"log"} (STDOUT, APP/PROC/WEB)#
#2026 05 30 10:20:54.620#Z#DEBUG#f7aba7f1-5c10-11f1-a636-eeee0a864133.Vendor_portal-srv#flowable-async-job-executor-thread-28291#
[PollStartAppStatusExecution] f3610358-e791-4b3a-8047-269077eb9aff [2026-05-30T10:20:54.216449] {"level":"info","logger":"cds","timestamp":"2026-05-30T10:20:54.215Z","layer":"cds","component_type":"application","container_id":"10.32.3.6","component_id":"f3610358-e791-4b3a-8047-269077eb9aff","component_name":"Vendor_portal-srv","component_instance":0,"source_instance":0,"organization_name":"a17ff4fftrial","organization_id":"87b32d9e-9c3e-4c0f-a9e8-c141fcaf6941","space_name":"dev","space_id":"25c4b79f-ec1f-4f41-8212-286dd3a0616c","msg":"using auth strategy { kind: 'xsuaa' }","type":"log"} (STDOUT, APP/PROC/WEB)#
#2026 05 30 10:20:54.620#Z#DEBUG#f7aba7f1-5c10-11f1-a636-eeee0a864133.Vendor_portal-srv#flowable-async-job-executor-thread-28291#
[PollStartAppStatusExecution] f3610358-e791-4b3a-8047-269077eb9aff [2026-05-30T10:20:54.279445] {"level":"info","logger":"cds","timestamp":"2026-05-30T10:20:54.279Z","layer":"cds","component_type":"application","container_id":"10.32.3.6","component_id":"f3610358-e791-4b3a-8047-269077eb9aff","component_name":"Vendor_portal-srv","component_instance":0,"source_instance":0,"organization_name":"a17ff4fftrial","organization_id":"87b32d9e-9c3e-4c0f-a9e8-c141fcaf6941","space_name":"dev","space_id":"25c4b79f-ec1f-4f41-8212-286dd3a0616c","msg":"serving Vendor_portalService {\n  at: [ '/service/Vendor_portalService' ],\n  decl: 'srv/csn.json:294',\n  impl: 'srv/service.js'\n}","type":"log"} (STDOUT, APP/PROC/WEB)#
#2026 05 30 10:20:54.620#Z#DEBUG#f7aba7f1-5c10-11f1-a636-eeee0a864133.Vendor_portal-srv#flowable-async-job-executor-thread-28291#
[PollStartAppStatusExecution] f3610358-e791-4b3a-8047-269077eb9aff [2026-05-30T10:20:54.285649] {"level":"info","logger":"cds","timestamp":"2026-05-30T10:20:54.285Z","layer":"cds","component_type":"application","container_id":"10.32.3.6","component_id":"f3610358-e791-4b3a-8047-269077eb9aff","component_name":"Vendor_portal-srv","component_instance":0,"source_instance":0,"organization_name":"a17ff4fftrial","organization_id":"87b32d9e-9c3e-4c0f-a9e8-c141fcaf6941","space_name":"dev","space_id":"25c4b79f-ec1f-4f41-8212-286dd3a0616c","msg":"server listening on { url: 'http://localhost:8080' }","type":"log"} (STDOUT, APP/PROC/WEB)#
#2026 05 30 10:20:54.620#Z#DEBUG#f7aba7f1-5c10-11f1-a636-eeee0a864133.Vendor_portal-srv#flowable-async-job-executor-thread-28291#
[PollStartAppStatusExecution] f3610358-e791-4b3a-8047-269077eb9aff [2026-05-30T10:20:54.285995] {"level":"info","logger":"cds","timestamp":"2026-05-30T10:20:54.285Z","layer":"cds","component_type":"application","container_id":"10.32.3.6","component_id":"f3610358-e791-4b3a-8047-269077eb9aff","component_name":"Vendor_portal-srv","component_instance":0,"source_instance":0,"organization_name":"a17ff4fftrial","organization_id":"87b32d9e-9c3e-4c0f-a9e8-c141fcaf6941","space_name":"dev","space_id":"25c4b79f-ec1f-4f41-8212-286dd3a0616c","msg":"server v9.9.1 launched in 1151 ms","type":"log"} (STDOUT, APP/PROC/WEB)#
#2026 05 30 10:21:04.578#Z#DEBUG#f7aba7f1-5c10-11f1-a636-eeee0a864133.Vendor_portal-srv#flowable-async-job-executor-thread-28299#
[PollStartAppStatusExecution] f3610358-e791-4b3a-8047-269077eb9aff [2026-05-30T10:20:55.119260] Container became healthy (STDOUT, CELL)#
#2026 05 30 10:21:04.578#Z#DEBUG#f7aba7f1-5c10-11f1-a636-eeee0a864133.Vendor_portal-srv#flowable-async-job-executor-thread-28299#
[PollStartAppStatusExecution] f3610358-e791-4b3a-8047-269077eb9aff [2026-05-30T10:20:55.142343] Process became ready with guid f3610358-e791-4b3a-8047-269077eb9aff payload: {"instance"=>"bb2408a5-851c-42fd-7bdf-f23b", "index"=>0, "cell_id"=>"77283d80-dfa7-40ba-ba4e-265aef112085", "ready"=>true, "version"=>"68eff763-4979-4678-bd74-0f0506b95243"} (STDOUT, API)#
